---
source: vetter-core/tests/curl_render_snapshot.rs
expression: out
---
 vet  curl
 ─────────────────────────────────────────────────────────────────
 GET  https://example.test/
   X-Evil: ••••tail    ← redacted, len 32
   X-Bidi: ••••.exe    ← redacted, len 15
 ─────────────────────────────────────────────────────────────────
   Risk signals: none
   Match:        no rule
