---
source: vetter-core/tests/noop_snapshot.rs
expression: out
---
 vet  noop
 ─────────────────────────────────────────────────────────────────
 GET  https://example.test/
   User-Agent: ••••op/0    ← redacted, len 10
 ─────────────────────────────────────────────────────────────────
   Risk signals: none
   Match:        no rule
